<html>
<body>
<pre>
<h1>µVision Build Log</h1>
<h2>Tool Versions:</h2>
IDE-Version: µVision V5.41.0.0
Copyright (C) 2024 ARM Ltd and ARM Germany GmbH. All rights reserved.
License Information: c SOAREC16, c, LIC=----
 
Tool Versions:
Toolchain:       MDK-Lite  Version: 5.41.0.0
Toolchain Path:  C:\Users\soarec16\AppData\Local\Keil_v5\ARM\ARMCLANG\Bin
C Compiler:      ArmClang.exe V6.22
Assembler:       Armasm.exe V6.22
Linker/Locator:  ArmLink.exe V6.22
Library Manager: ArmAr.exe V6.22
Hex Converter:   FromElf.exe V6.22
CPU DLL:         SARMCM3.DLL V5.41.0.0
Dialog DLL:      DCM.DLL V1.17.5.0
Target DLL:      lmidk-agdi.dll V???
Dialog DLL:      TCM.DLL V1.56.4.0
 
<h2>Project:</h2>
C:\Users\soarec16\Documents\TM4C\Lab07_LCD_Display_SSI\lab07_lcd_display_spi.uvprojx
Project File Date:  02/20/2025

<h2>Output:</h2>
*** Using Compiler 'V6.22', folder: 'C:\Users\soarec16\AppData\Local\Keil_v5\ARM\ARMCLANG\Bin'
Rebuild target 'Target_1'
assembling startup_TM4C129.s...
compiling system_TM4C129.c...
compiling stm32_to_tiva_SPI.c...
compiling st7789_font.c...
compiling main.c...
compiling st7789.c...
linking...
Program Size: Code=8400 RO-data=2032 RW-data=1644 ZI-data=520  
FromELF: creating hex file...
".\Objects\lab07_lcd_display_spi.axf" - 0 Error(s), 0 Warning(s).

<h2>Software Packages used:</h2>

Package Vendor: ARM
                https://www.keil.com/pack/ARM.CMSIS.6.1.0.pack
                ARM::CMSIS@6.1.0
                CMSIS (Common Microcontroller Software Interface Standard)
   * Component: CORE Version: 6.1.0

Package Vendor: Keil
                http://www.keil.com/pack/Keil.TM4C_DFP.1.1.0.pack
                Keil::TM4C_DFP@1.1.0
                Texas Instruments Tiva C Series Device Support and Examples
   * Component: Startup Version: 1.0.0

<h2>Collection of Component include folders:</h2>
  ./RTE/_Target_1
  C:/Users/soarec16/AppData/Local/Arm/Packs/ARM/CMSIS/6.1.0/CMSIS/Core/Include
  C:/Users/soarec16/AppData/Local/Arm/Packs/Keil/TM4C_DFP/1.1.0/Device/Include/TM4C129

<h2>Collection of Component Files used:</h2>

   * Component: ARM::CMSIS:CORE@6.1.0

   * Component: Keil::Device:Startup@1.0.0
      Source file:   Device/Source/system_TM4C129.c
      Include file:  Device/Include/TM4C129/TM4C129.h
      Source file:   Device/Source/ARM/startup_TM4C129.s
Build Time Elapsed:  00:00:01
</pre>
</body>
</html>
